// Jest Snapshot v1, https://goo.gl/fbAQLP

exports[`NavBar component test renders the component 1`] = `undefined`;
