// Jest Snapshot v1, https://goo.gl/fbAQLP

exports[`Product component test renders the component 1`] = `undefined`;
